// Jest Snapshot v1, https://goo.gl/fbAQLP

exports[`User match snapshot connected 1`] = `
<div>
  <div
    class="css-1gzl8uu"
  >
    <div
      class="MuiBox-root css-0"
    >
      <div
        class="css-l3v3zn"
      >
        <ion-icon
          name="help-circle-outline"
          style="font-size: 18px; color: rgb(129, 135, 185);"
        />
      </div>
      <div
        class="MuiBox-root css-79elbk"
      >
        <div
          class="MuiCollapse-root MuiCollapse-vertical MuiCollapse-hidden css-199euq-MuiCollapse-root"
          style="min-height: 0px;"
        >
          <div
            class="MuiCollapse-wrapper MuiCollapse-vertical css-1642zpf-MuiCollapse-wrapper"
          >
            <div
              class="MuiCollapse-wrapperInner MuiCollapse-vertical css-xxknsj-MuiCollapse-wrapperInner"
            >
              <div
                class="css-c7ciki"
              >
                <div
                  class="css-ykyq1f"
                >
                  <a
                    class="css-ytumd6"
                    href="https://elasticsuite.zendesk.com"
                  >
                    Helpdesk
                  </a>
                  <a
                    class="css-ytumd6"
                    href="https://elastic-suite.github.io/documentation/"
                  >
                    User guide
                  </a>
                </div>
              </div>
            </div>
          </div>
        </div>
      </div>
    </div>
    <div
      class="MuiBox-root css-0"
    >
      <div
        class="css-1gbhtbv"
      >
        <ion-icon
          name="person-outline"
          style="font-size: 15px; color: rgb(129, 135, 185);"
        />
        <div
          class="css-1cn3y7o"
        >
          Admin@example.com
        </div>
        <div
          class="css-1tg3i43"
        >
          <ion-icon
            name="chevron-down"
            style="font-size: 15px; color: rgb(129, 135, 185);"
          />
        </div>
      </div>
      <div
        class="MuiBox-root css-79elbk"
      >
        <div
          class="MuiCollapse-root MuiCollapse-vertical MuiCollapse-hidden css-199euq-MuiCollapse-root"
          style="min-height: 0px;"
        >
          <div
            class="MuiCollapse-wrapper MuiCollapse-vertical css-1642zpf-MuiCollapse-wrapper"
          >
            <div
              class="MuiCollapse-wrapperInner MuiCollapse-vertical css-xxknsj-MuiCollapse-wrapperInner"
            >
              <div
                class="css-1vcaigq"
              >
                <div
                  class="css-9inyfk"
                >
                  <div
                    class="css-3lsmy"
                  >
                    Admin@example.com
                  </div>
                  <div
                    class="css-1772pc6"
                  />
                  <div
                    class="css-9vgysh"
                  >
                    Log out
                  </div>
                </div>
              </div>
            </div>
          </div>
        </div>
      </div>
    </div>
  </div>
</div>
`;

exports[`User match snapshot not connected 1`] = `<div />`;
