// Jest Snapshot v1, https://goo.gl/fbAQLP

exports[`CustomTable match snapshot with editable content 1`] = `
<div>
  <div
    class="MuiTableContainer-root css-1oeclo-MuiTableContainer-root"
  >
    <table
      class="MuiTable-root css-1pty5za-MuiTable-root"
    >
      <thead
        class="MuiTableHead-root css-15wwp11-MuiTableHead-root"
      >
        <tr
          class="MuiTableRow-root MuiTableRow-head css-1u1grnd-MuiTableRow-root"
        >
          <th
            class="MuiTableCell-root MuiTableCell-head MuiTableCell-sizeMedium css-1eryrry-MuiTableCell-root"
            scope="col"
          />
          <th
            class="MuiTableCell-root MuiTableCell-head MuiTableCell-sizeMedium css-mdt0en-MuiTableCell-root"
            scope="col"
          >
            <span
              class="MuiButtonBase-root MuiCheckbox-root MuiCheckbox-colorPrimary PrivateSwitchBase-root MuiCheckbox-root MuiCheckbox-colorPrimary Mui-checked css-nnfn9j-MuiButtonBase-root-MuiCheckbox-root"
              data-testid="massive-selection"
            >
              <input
                checked=""
                class="PrivateSwitchBase-input css-1m9pwf3"
                data-indeterminate="false"
                type="checkbox"
              />
              <svg
                aria-hidden="true"
                class="MuiSvgIcon-root MuiSvgIcon-fontSizeMedium css-i4bv87-MuiSvgIcon-root"
                data-testid="CheckBoxIcon"
                focusable="false"
                viewBox="0 0 24 24"
              >
                <path
                  d="M19 3H5c-1.11 0-2 .9-2 2v14c0 1.1.89 2 2 2h14c1.11 0 2-.9 2-2V5c0-1.1-.89-2-2-2zm-9 14l-5-5 1.41-1.41L10 14.17l7.59-7.59L19 8l-9 9z"
                />
              </svg>
              <span
                class="MuiTouchRipple-root css-8je8zh-MuiTouchRipple-root"
              />
            </span>
          </th>
          <th
            class="MuiTableCell-root MuiTableCell-head MuiTableCell-sizeMedium css-1g6gaq7-MuiTableCell-root"
            scope="col"
          >
            Test header switch
          </th>
          <th
            class="MuiTableCell-root MuiTableCell-head MuiTableCell-sizeMedium css-1g6gaq7-MuiTableCell-root"
            scope="col"
          >
            Test header dropdown
          </th>
        </tr>
      </thead>
      <tbody
        class="MuiTableBody-root css-apqrd9-MuiTableBody-root"
        data-rbd-droppable-context-id="6"
        data-rbd-droppable-id="droppableTable"
      >
        <tr
          class="MuiTableRow-root css-9mllys-MuiTableRow-root"
          data-rbd-draggable-context-id="6"
          data-rbd-draggable-id="1"
        >
          <td
            aria-describedby="rbd-hidden-text-6-hidden-text-10"
            class="MuiTableCell-root MuiTableCell-body MuiTableCell-sizeMedium css-1jfm6hu-MuiTableCell-root"
            data-rbd-drag-handle-context-id="6"
            data-rbd-drag-handle-draggable-id="1"
            draggable="false"
            role="button"
            tabindex="0"
          >
            <div
              class="MuiBox-root css-siks6p"
            >
              <ion-icon
                name="reorder-two-outline"
              />
            </div>
          </td>
          <td
            class="MuiTableCell-root MuiTableCell-body MuiTableCell-sizeMedium css-aciead-MuiTableCell-root"
          >
            <span
              class="MuiButtonBase-root MuiCheckbox-root MuiCheckbox-colorPrimary PrivateSwitchBase-root MuiCheckbox-root MuiCheckbox-colorPrimary css-nnfn9j-MuiButtonBase-root-MuiCheckbox-root"
              data-testid="draggable-single-row-selection"
            >
              <input
                class="PrivateSwitchBase-input css-1m9pwf3"
                data-indeterminate="false"
                type="checkbox"
              />
              <svg
                aria-hidden="true"
                class="MuiSvgIcon-root MuiSvgIcon-fontSizeMedium css-i4bv87-MuiSvgIcon-root"
                data-testid="CheckBoxOutlineBlankIcon"
                focusable="false"
                viewBox="0 0 24 24"
              >
                <path
                  d="M19 5v14H5V5h14m0-2H5c-1.1 0-2 .9-2 2v14c0 1.1.9 2 2 2h14c1.1 0 2-.9 2-2V5c0-1.1-.9-2-2-2z"
                />
              </svg>
              <span
                class="MuiTouchRipple-root css-8je8zh-MuiTouchRipple-root"
              />
            </span>
          </td>
          <td
            class="MuiTableCell-root MuiTableCell-body MuiTableCell-sizeMedium css-1h3ont0-MuiTableCell-root"
          >
            <div
              class="MuiFormControl-root MuiFormControl-fullWidth css-12mfi9j-MuiFormControl-root"
            >
              <span
                class="MuiSwitch-root MuiSwitch-sizeMedium css-tnsvld-MuiSwitch-root"
              >
                <span
                  class="MuiButtonBase-root MuiSwitch-switchBase MuiSwitch-colorPrimary Mui-checked PrivateSwitchBase-root MuiSwitch-switchBase MuiSwitch-colorPrimary Mui-checked Mui-checked css-1vk7jze-MuiButtonBase-root-MuiSwitch-switchBase"
                >
                  <input
                    checked=""
                    class="PrivateSwitchBase-input MuiSwitch-input css-1m9pwf3"
                    type="checkbox"
                  />
                  <span
                    class="MuiSwitch-thumb css-epwt2k-MuiSwitch-thumb"
                  />
                  <span
                    class="MuiTouchRipple-root css-8je8zh-MuiTouchRipple-root"
                  />
                </span>
                <span
                  class="MuiSwitch-track css-1mr4grv-MuiSwitch-track"
                />
              </span>
            </div>
          </td>
          <td
            class="MuiTableCell-root MuiTableCell-body MuiTableCell-sizeMedium css-k5x6hv-MuiTableCell-root"
          >
            <div
              class="MuiFormControl-root css-1c9gikl-MuiFormControl-root"
            >
              <div
                class="MuiAutocomplete-root MuiAutocomplete-hasPopupIcon css-1qqsdnr-MuiAutocomplete-root"
              >
                <div
                  class="MuiFormControl-root MuiFormControl-fullWidth css-1qc7p1k-MuiFormControl-root"
                >
                  <div
                    class="MuiInputBase-root MuiInputBase-colorPrimary MuiInputBase-formControl MuiInputBase-adornedEnd MuiAutocomplete-inputRoot css-5uzcdm-MuiInputBase-root"
                  >
                    <input
                      aria-autocomplete="list"
                      aria-expanded="false"
                      aria-invalid="false"
                      autocapitalize="none"
                      autocomplete="off"
                      class="MuiInputBase-input MuiInputBase-inputAdornedEnd MuiAutocomplete-input MuiAutocomplete-inputFocused css-yz9k0d-MuiInputBase-input"
                      id=":r0:"
                      role="combobox"
                      spellcheck="false"
                      type="text"
                      value=""
                    />
                    <div
                      class="MuiAutocomplete-endAdornment css-1q60rmi-MuiAutocomplete-endAdornment"
                    >
                      <button
                        aria-label="form.open"
                        class="MuiButtonBase-root MuiIconButton-root MuiIconButton-sizeMedium MuiAutocomplete-popupIndicator css-qzbt6i-MuiButtonBase-root-MuiIconButton-root-MuiAutocomplete-popupIndicator"
                        tabindex="-1"
                        title="form.open"
                        type="button"
                      >
                        <ion-icon
                          name="chevron-down"
                        />
                        <span
                          class="MuiTouchRipple-root css-8je8zh-MuiTouchRipple-root"
                        />
                      </button>
                    </div>
                  </div>
                </div>
              </div>
            </div>
          </td>
        </tr>
      </tbody>
    </table>
  </div>
</div>
`;

exports[`CustomTable match snapshot with selection, with draggable, with sticky headers 1`] = `
<div>
  <div
    class="MuiTableContainer-root css-1oeclo-MuiTableContainer-root"
  >
    <table
      class="MuiTable-root css-1pty5za-MuiTable-root"
    >
      <thead
        class="MuiTableHead-root css-15wwp11-MuiTableHead-root"
      >
        <tr
          class="MuiTableRow-root MuiTableRow-head css-1u1grnd-MuiTableRow-root"
        >
          <th
            class="MuiTableCell-root MuiTableCell-head MuiTableCell-sizeMedium css-1eryrry-MuiTableCell-root"
            scope="col"
          />
          <th
            class="MuiTableCell-root MuiTableCell-head MuiTableCell-sizeMedium css-mdt0en-MuiTableCell-root"
            scope="col"
          >
            <span
              class="MuiButtonBase-root MuiCheckbox-root MuiCheckbox-colorPrimary PrivateSwitchBase-root MuiCheckbox-root MuiCheckbox-colorPrimary Mui-checked css-nnfn9j-MuiButtonBase-root-MuiCheckbox-root"
              data-testid="massive-selection"
            >
              <input
                checked=""
                class="PrivateSwitchBase-input css-1m9pwf3"
                data-indeterminate="false"
                type="checkbox"
              />
              <svg
                aria-hidden="true"
                class="MuiSvgIcon-root MuiSvgIcon-fontSizeMedium css-i4bv87-MuiSvgIcon-root"
                data-testid="CheckBoxIcon"
                focusable="false"
                viewBox="0 0 24 24"
              >
                <path
                  d="M19 3H5c-1.11 0-2 .9-2 2v14c0 1.1.89 2 2 2h14c1.11 0 2-.9 2-2V5c0-1.1-.89-2-2-2zm-9 14l-5-5 1.41-1.41L10 14.17l7.59-7.59L19 8l-9 9z"
                />
              </svg>
              <span
                class="MuiTouchRipple-root css-8je8zh-MuiTouchRipple-root"
              />
            </span>
          </th>
          <th
            class="MuiTableCell-root MuiTableCell-head MuiTableCell-sizeMedium css-1g6gaq7-MuiTableCell-root"
            scope="col"
          >
            Test header switch
          </th>
          <th
            class="MuiTableCell-root MuiTableCell-head MuiTableCell-sizeMedium css-1g6gaq7-MuiTableCell-root"
            scope="col"
          >
            Test header switch
          </th>
        </tr>
      </thead>
      <tbody
        class="MuiTableBody-root css-apqrd9-MuiTableBody-root"
        data-rbd-droppable-context-id="5"
        data-rbd-droppable-id="droppableTable"
      >
        <tr
          class="MuiTableRow-root css-9mllys-MuiTableRow-root"
          data-rbd-draggable-context-id="5"
          data-rbd-draggable-id="1"
        >
          <td
            aria-describedby="rbd-hidden-text-5-hidden-text-7"
            class="MuiTableCell-root MuiTableCell-body MuiTableCell-sizeMedium css-1jfm6hu-MuiTableCell-root"
            data-rbd-drag-handle-context-id="5"
            data-rbd-drag-handle-draggable-id="1"
            draggable="false"
            role="button"
            tabindex="0"
          >
            <div
              class="MuiBox-root css-siks6p"
            >
              <ion-icon
                name="reorder-two-outline"
              />
            </div>
          </td>
          <td
            class="MuiTableCell-root MuiTableCell-body MuiTableCell-sizeMedium css-aciead-MuiTableCell-root"
          >
            <span
              class="MuiButtonBase-root MuiCheckbox-root MuiCheckbox-colorPrimary PrivateSwitchBase-root MuiCheckbox-root MuiCheckbox-colorPrimary css-nnfn9j-MuiButtonBase-root-MuiCheckbox-root"
              data-testid="draggable-single-row-selection"
            >
              <input
                class="PrivateSwitchBase-input css-1m9pwf3"
                data-indeterminate="false"
                type="checkbox"
              />
              <svg
                aria-hidden="true"
                class="MuiSvgIcon-root MuiSvgIcon-fontSizeMedium css-i4bv87-MuiSvgIcon-root"
                data-testid="CheckBoxOutlineBlankIcon"
                focusable="false"
                viewBox="0 0 24 24"
              >
                <path
                  d="M19 5v14H5V5h14m0-2H5c-1.1 0-2 .9-2 2v14c0 1.1.9 2 2 2h14c1.1 0 2-.9 2-2V5c0-1.1-.9-2-2-2z"
                />
              </svg>
              <span
                class="MuiTouchRipple-root css-8je8zh-MuiTouchRipple-root"
              />
            </span>
          </td>
          <td
            class="MuiTableCell-root MuiTableCell-body MuiTableCell-sizeMedium css-1h3ont0-MuiTableCell-root"
          >
            <span
              class="MuiSwitch-root MuiSwitch-sizeMedium css-tnsvld-MuiSwitch-root"
            >
              <span
                aria-disabled="true"
                class="MuiButtonBase-root MuiSwitch-switchBase MuiSwitch-colorPrimary Mui-disabled Mui-disabled PrivateSwitchBase-root MuiSwitch-switchBase MuiSwitch-colorPrimary Mui-disabled Mui-checked Mui-disabled css-1vk7jze-MuiButtonBase-root-MuiSwitch-switchBase"
                tabindex="-1"
              >
                <input
                  checked=""
                  class="PrivateSwitchBase-input MuiSwitch-input css-1m9pwf3"
                  disabled=""
                  type="checkbox"
                />
                <span
                  class="MuiSwitch-thumb css-epwt2k-MuiSwitch-thumb"
                />
              </span>
              <span
                class="MuiSwitch-track css-1mr4grv-MuiSwitch-track"
              />
            </span>
          </td>
          <td
            class="MuiTableCell-root MuiTableCell-body MuiTableCell-sizeMedium css-1h3ont0-MuiTableCell-root"
          />
        </tr>
      </tbody>
    </table>
  </div>
</div>
`;

exports[`CustomTable match snapshot with selection, with draggable, without sticky headers 1`] = `
<div>
  <div
    class="MuiTableContainer-root css-1oeclo-MuiTableContainer-root"
  >
    <table
      class="MuiTable-root css-1pty5za-MuiTable-root"
    >
      <thead
        class="MuiTableHead-root css-15wwp11-MuiTableHead-root"
      >
        <tr
          class="MuiTableRow-root MuiTableRow-head css-1u1grnd-MuiTableRow-root"
        >
          <th
            class="MuiTableCell-root MuiTableCell-head MuiTableCell-sizeMedium css-1eryrry-MuiTableCell-root"
            scope="col"
          />
          <th
            class="MuiTableCell-root MuiTableCell-head MuiTableCell-sizeMedium css-mdt0en-MuiTableCell-root"
            scope="col"
          >
            <span
              class="MuiButtonBase-root MuiCheckbox-root MuiCheckbox-colorPrimary PrivateSwitchBase-root MuiCheckbox-root MuiCheckbox-colorPrimary Mui-checked css-nnfn9j-MuiButtonBase-root-MuiCheckbox-root"
              data-testid="massive-selection"
            >
              <input
                checked=""
                class="PrivateSwitchBase-input css-1m9pwf3"
                data-indeterminate="false"
                type="checkbox"
              />
              <svg
                aria-hidden="true"
                class="MuiSvgIcon-root MuiSvgIcon-fontSizeMedium css-i4bv87-MuiSvgIcon-root"
                data-testid="CheckBoxIcon"
                focusable="false"
                viewBox="0 0 24 24"
              >
                <path
                  d="M19 3H5c-1.11 0-2 .9-2 2v14c0 1.1.89 2 2 2h14c1.11 0 2-.9 2-2V5c0-1.1-.89-2-2-2zm-9 14l-5-5 1.41-1.41L10 14.17l7.59-7.59L19 8l-9 9z"
                />
              </svg>
              <span
                class="MuiTouchRipple-root css-8je8zh-MuiTouchRipple-root"
              />
            </span>
          </th>
          <th
            class="MuiTableCell-root MuiTableCell-head MuiTableCell-sizeMedium css-1g6gaq7-MuiTableCell-root"
            scope="col"
          >
            Test header switch
          </th>
          <th
            class="MuiTableCell-root MuiTableCell-head MuiTableCell-sizeMedium css-1g6gaq7-MuiTableCell-root"
            scope="col"
          >
            Test header switch
          </th>
        </tr>
      </thead>
      <tbody
        class="MuiTableBody-root css-apqrd9-MuiTableBody-root"
        data-rbd-droppable-context-id="4"
        data-rbd-droppable-id="droppableTable"
      >
        <tr
          class="MuiTableRow-root css-9mllys-MuiTableRow-root"
          data-rbd-draggable-context-id="4"
          data-rbd-draggable-id="1"
        >
          <td
            aria-describedby="rbd-hidden-text-4-hidden-text-4"
            class="MuiTableCell-root MuiTableCell-body MuiTableCell-sizeMedium css-1jfm6hu-MuiTableCell-root"
            data-rbd-drag-handle-context-id="4"
            data-rbd-drag-handle-draggable-id="1"
            draggable="false"
            role="button"
            tabindex="0"
          >
            <div
              class="MuiBox-root css-siks6p"
            >
              <ion-icon
                name="reorder-two-outline"
              />
            </div>
          </td>
          <td
            class="MuiTableCell-root MuiTableCell-body MuiTableCell-sizeMedium css-aciead-MuiTableCell-root"
          >
            <span
              class="MuiButtonBase-root MuiCheckbox-root MuiCheckbox-colorPrimary PrivateSwitchBase-root MuiCheckbox-root MuiCheckbox-colorPrimary css-nnfn9j-MuiButtonBase-root-MuiCheckbox-root"
              data-testid="draggable-single-row-selection"
            >
              <input
                class="PrivateSwitchBase-input css-1m9pwf3"
                data-indeterminate="false"
                type="checkbox"
              />
              <svg
                aria-hidden="true"
                class="MuiSvgIcon-root MuiSvgIcon-fontSizeMedium css-i4bv87-MuiSvgIcon-root"
                data-testid="CheckBoxOutlineBlankIcon"
                focusable="false"
                viewBox="0 0 24 24"
              >
                <path
                  d="M19 5v14H5V5h14m0-2H5c-1.1 0-2 .9-2 2v14c0 1.1.9 2 2 2h14c1.1 0 2-.9 2-2V5c0-1.1-.9-2-2-2z"
                />
              </svg>
              <span
                class="MuiTouchRipple-root css-8je8zh-MuiTouchRipple-root"
              />
            </span>
          </td>
          <td
            class="MuiTableCell-root MuiTableCell-body MuiTableCell-sizeMedium css-1h3ont0-MuiTableCell-root"
          >
            <span
              class="MuiSwitch-root MuiSwitch-sizeMedium css-tnsvld-MuiSwitch-root"
            >
              <span
                aria-disabled="true"
                class="MuiButtonBase-root MuiSwitch-switchBase MuiSwitch-colorPrimary Mui-disabled Mui-disabled PrivateSwitchBase-root MuiSwitch-switchBase MuiSwitch-colorPrimary Mui-disabled Mui-checked Mui-disabled css-1vk7jze-MuiButtonBase-root-MuiSwitch-switchBase"
                tabindex="-1"
              >
                <input
                  checked=""
                  class="PrivateSwitchBase-input MuiSwitch-input css-1m9pwf3"
                  disabled=""
                  type="checkbox"
                />
                <span
                  class="MuiSwitch-thumb css-epwt2k-MuiSwitch-thumb"
                />
              </span>
              <span
                class="MuiSwitch-track css-1mr4grv-MuiSwitch-track"
              />
            </span>
          </td>
          <td
            class="MuiTableCell-root MuiTableCell-body MuiTableCell-sizeMedium css-1h3ont0-MuiTableCell-root"
          />
        </tr>
      </tbody>
    </table>
  </div>
</div>
`;

exports[`CustomTable match snapshot with selection, without draggable, with sticky headers 1`] = `
<div>
  <div
    class="MuiTableContainer-root css-1oeclo-MuiTableContainer-root"
  >
    <table
      class="MuiTable-root css-1pty5za-MuiTable-root"
    >
      <thead
        class="MuiTableHead-root css-15wwp11-MuiTableHead-root"
      >
        <tr
          class="MuiTableRow-root MuiTableRow-head css-1u1grnd-MuiTableRow-root"
        >
          <th
            class="MuiTableCell-root MuiTableCell-head MuiTableCell-sizeMedium css-1eryrry-MuiTableCell-root"
            scope="col"
          />
          <th
            class="MuiTableCell-root MuiTableCell-head MuiTableCell-sizeMedium css-mdt0en-MuiTableCell-root"
            scope="col"
          >
            <span
              class="MuiButtonBase-root MuiCheckbox-root MuiCheckbox-colorPrimary PrivateSwitchBase-root MuiCheckbox-root MuiCheckbox-colorPrimary Mui-checked css-nnfn9j-MuiButtonBase-root-MuiCheckbox-root"
              data-testid="massive-selection"
            >
              <input
                checked=""
                class="PrivateSwitchBase-input css-1m9pwf3"
                data-indeterminate="false"
                type="checkbox"
              />
              <svg
                aria-hidden="true"
                class="MuiSvgIcon-root MuiSvgIcon-fontSizeMedium css-i4bv87-MuiSvgIcon-root"
                data-testid="CheckBoxIcon"
                focusable="false"
                viewBox="0 0 24 24"
              >
                <path
                  d="M19 3H5c-1.11 0-2 .9-2 2v14c0 1.1.89 2 2 2h14c1.11 0 2-.9 2-2V5c0-1.1-.89-2-2-2zm-9 14l-5-5 1.41-1.41L10 14.17l7.59-7.59L19 8l-9 9z"
                />
              </svg>
              <span
                class="MuiTouchRipple-root css-8je8zh-MuiTouchRipple-root"
              />
            </span>
          </th>
          <th
            class="MuiTableCell-root MuiTableCell-head MuiTableCell-sizeMedium css-1g6gaq7-MuiTableCell-root"
            scope="col"
          >
            Test header switch
          </th>
          <th
            class="MuiTableCell-root MuiTableCell-head MuiTableCell-sizeMedium css-1g6gaq7-MuiTableCell-root"
            scope="col"
          >
            Test header switch
          </th>
        </tr>
      </thead>
      <tbody
        class="MuiTableBody-root css-apqrd9-MuiTableBody-root"
      >
        <tr
          class="MuiTableRow-root css-9mllys-MuiTableRow-root"
        >
          <td
            class="MuiTableCell-root MuiTableCell-body MuiTableCell-sizeMedium css-1jfm6hu-MuiTableCell-root"
          />
          <td
            class="MuiTableCell-root MuiTableCell-body MuiTableCell-sizeMedium css-aciead-MuiTableCell-root"
          >
            <span
              class="MuiButtonBase-root MuiCheckbox-root MuiCheckbox-colorPrimary PrivateSwitchBase-root MuiCheckbox-root MuiCheckbox-colorPrimary css-nnfn9j-MuiButtonBase-root-MuiCheckbox-root"
              data-testid="non-draggable-single-row-selection"
            >
              <input
                class="PrivateSwitchBase-input css-1m9pwf3"
                data-indeterminate="false"
                type="checkbox"
              />
              <svg
                aria-hidden="true"
                class="MuiSvgIcon-root MuiSvgIcon-fontSizeMedium css-i4bv87-MuiSvgIcon-root"
                data-testid="CheckBoxOutlineBlankIcon"
                focusable="false"
                viewBox="0 0 24 24"
              >
                <path
                  d="M19 5v14H5V5h14m0-2H5c-1.1 0-2 .9-2 2v14c0 1.1.9 2 2 2h14c1.1 0 2-.9 2-2V5c0-1.1-.9-2-2-2z"
                />
              </svg>
              <span
                class="MuiTouchRipple-root css-8je8zh-MuiTouchRipple-root"
              />
            </span>
          </td>
          <td
            class="MuiTableCell-root MuiTableCell-body MuiTableCell-sizeMedium css-1h3ont0-MuiTableCell-root"
          >
            <span
              class="MuiSwitch-root MuiSwitch-sizeMedium css-tnsvld-MuiSwitch-root"
            >
              <span
                aria-disabled="true"
                class="MuiButtonBase-root MuiSwitch-switchBase MuiSwitch-colorPrimary Mui-disabled Mui-disabled PrivateSwitchBase-root MuiSwitch-switchBase MuiSwitch-colorPrimary Mui-disabled Mui-checked Mui-disabled css-1vk7jze-MuiButtonBase-root-MuiSwitch-switchBase"
                tabindex="-1"
              >
                <input
                  checked=""
                  class="PrivateSwitchBase-input MuiSwitch-input css-1m9pwf3"
                  disabled=""
                  type="checkbox"
                />
                <span
                  class="MuiSwitch-thumb css-epwt2k-MuiSwitch-thumb"
                />
              </span>
              <span
                class="MuiSwitch-track css-1mr4grv-MuiSwitch-track"
              />
            </span>
          </td>
          <td
            class="MuiTableCell-root MuiTableCell-body MuiTableCell-sizeMedium css-1h3ont0-MuiTableCell-root"
          />
        </tr>
      </tbody>
    </table>
  </div>
</div>
`;

exports[`CustomTable match snapshot with selection, without draggable, without sticky headers 1`] = `
<div>
  <div
    class="MuiTableContainer-root css-1oeclo-MuiTableContainer-root"
  >
    <table
      class="MuiTable-root css-1pty5za-MuiTable-root"
    >
      <thead
        class="MuiTableHead-root css-15wwp11-MuiTableHead-root"
      >
        <tr
          class="MuiTableRow-root MuiTableRow-head css-1u1grnd-MuiTableRow-root"
        >
          <th
            class="MuiTableCell-root MuiTableCell-head MuiTableCell-sizeMedium css-1eryrry-MuiTableCell-root"
            scope="col"
          />
          <th
            class="MuiTableCell-root MuiTableCell-head MuiTableCell-sizeMedium css-mdt0en-MuiTableCell-root"
            scope="col"
          >
            <span
              class="MuiButtonBase-root MuiCheckbox-root MuiCheckbox-colorPrimary PrivateSwitchBase-root MuiCheckbox-root MuiCheckbox-colorPrimary Mui-checked css-nnfn9j-MuiButtonBase-root-MuiCheckbox-root"
              data-testid="massive-selection"
            >
              <input
                checked=""
                class="PrivateSwitchBase-input css-1m9pwf3"
                data-indeterminate="false"
                type="checkbox"
              />
              <svg
                aria-hidden="true"
                class="MuiSvgIcon-root MuiSvgIcon-fontSizeMedium css-i4bv87-MuiSvgIcon-root"
                data-testid="CheckBoxIcon"
                focusable="false"
                viewBox="0 0 24 24"
              >
                <path
                  d="M19 3H5c-1.11 0-2 .9-2 2v14c0 1.1.89 2 2 2h14c1.11 0 2-.9 2-2V5c0-1.1-.89-2-2-2zm-9 14l-5-5 1.41-1.41L10 14.17l7.59-7.59L19 8l-9 9z"
                />
              </svg>
              <span
                class="MuiTouchRipple-root css-8je8zh-MuiTouchRipple-root"
              />
            </span>
          </th>
          <th
            class="MuiTableCell-root MuiTableCell-head MuiTableCell-sizeMedium css-1g6gaq7-MuiTableCell-root"
            scope="col"
          >
            Test header switch
          </th>
          <th
            class="MuiTableCell-root MuiTableCell-head MuiTableCell-sizeMedium css-1g6gaq7-MuiTableCell-root"
            scope="col"
          >
            Test header switch
          </th>
        </tr>
      </thead>
      <tbody
        class="MuiTableBody-root css-apqrd9-MuiTableBody-root"
      >
        <tr
          class="MuiTableRow-root css-9mllys-MuiTableRow-root"
        >
          <td
            class="MuiTableCell-root MuiTableCell-body MuiTableCell-sizeMedium css-1jfm6hu-MuiTableCell-root"
          />
          <td
            class="MuiTableCell-root MuiTableCell-body MuiTableCell-sizeMedium css-aciead-MuiTableCell-root"
          >
            <span
              class="MuiButtonBase-root MuiCheckbox-root MuiCheckbox-colorPrimary PrivateSwitchBase-root MuiCheckbox-root MuiCheckbox-colorPrimary css-nnfn9j-MuiButtonBase-root-MuiCheckbox-root"
              data-testid="non-draggable-single-row-selection"
            >
              <input
                class="PrivateSwitchBase-input css-1m9pwf3"
                data-indeterminate="false"
                type="checkbox"
              />
              <svg
                aria-hidden="true"
                class="MuiSvgIcon-root MuiSvgIcon-fontSizeMedium css-i4bv87-MuiSvgIcon-root"
                data-testid="CheckBoxOutlineBlankIcon"
                focusable="false"
                viewBox="0 0 24 24"
              >
                <path
                  d="M19 5v14H5V5h14m0-2H5c-1.1 0-2 .9-2 2v14c0 1.1.9 2 2 2h14c1.1 0 2-.9 2-2V5c0-1.1-.9-2-2-2z"
                />
              </svg>
              <span
                class="MuiTouchRipple-root css-8je8zh-MuiTouchRipple-root"
              />
            </span>
          </td>
          <td
            class="MuiTableCell-root MuiTableCell-body MuiTableCell-sizeMedium css-1h3ont0-MuiTableCell-root"
          >
            <span
              class="MuiSwitch-root MuiSwitch-sizeMedium css-tnsvld-MuiSwitch-root"
            >
              <span
                aria-disabled="true"
                class="MuiButtonBase-root MuiSwitch-switchBase MuiSwitch-colorPrimary Mui-disabled Mui-disabled PrivateSwitchBase-root MuiSwitch-switchBase MuiSwitch-colorPrimary Mui-disabled Mui-checked Mui-disabled css-1vk7jze-MuiButtonBase-root-MuiSwitch-switchBase"
                tabindex="-1"
              >
                <input
                  checked=""
                  class="PrivateSwitchBase-input MuiSwitch-input css-1m9pwf3"
                  disabled=""
                  type="checkbox"
                />
                <span
                  class="MuiSwitch-thumb css-epwt2k-MuiSwitch-thumb"
                />
              </span>
              <span
                class="MuiSwitch-track css-1mr4grv-MuiSwitch-track"
              />
            </span>
          </td>
          <td
            class="MuiTableCell-root MuiTableCell-body MuiTableCell-sizeMedium css-1h3ont0-MuiTableCell-root"
          />
        </tr>
      </tbody>
    </table>
  </div>
</div>
`;

exports[`CustomTable match snapshot without selection, without draggable, with sticky headers 1`] = `
<div>
  <div
    class="MuiTableContainer-root css-o5pwnc-MuiTableContainer-root"
  >
    <table
      class="MuiTable-root css-1pty5za-MuiTable-root"
    >
      <thead
        class="MuiTableHead-root css-15wwp11-MuiTableHead-root"
      >
        <tr
          class="MuiTableRow-root MuiTableRow-head css-1u1grnd-MuiTableRow-root"
        >
          <th
            class="MuiTableCell-root MuiTableCell-head MuiTableCell-sizeMedium css-8uqeip-MuiTableCell-root"
            scope="col"
          />
          <th
            class="MuiTableCell-root MuiTableCell-head MuiTableCell-sizeMedium css-1g6gaq7-MuiTableCell-root"
            scope="col"
          >
            Test header switch
          </th>
          <th
            class="MuiTableCell-root MuiTableCell-head MuiTableCell-sizeMedium css-1g6gaq7-MuiTableCell-root"
            scope="col"
          >
            Test header switch
          </th>
        </tr>
      </thead>
      <tbody
        class="MuiTableBody-root css-apqrd9-MuiTableBody-root"
      >
        <tr
          class="MuiTableRow-root css-9mllys-MuiTableRow-root"
        >
          <td
            class="MuiTableCell-root MuiTableCell-body MuiTableCell-sizeMedium css-1sm79u7-MuiTableCell-root"
          />
          <td
            class="MuiTableCell-root MuiTableCell-body MuiTableCell-sizeMedium css-1h3ont0-MuiTableCell-root"
          >
            <span
              class="MuiSwitch-root MuiSwitch-sizeMedium css-tnsvld-MuiSwitch-root"
            >
              <span
                aria-disabled="true"
                class="MuiButtonBase-root MuiSwitch-switchBase MuiSwitch-colorPrimary Mui-disabled Mui-disabled PrivateSwitchBase-root MuiSwitch-switchBase MuiSwitch-colorPrimary Mui-disabled Mui-checked Mui-disabled css-1vk7jze-MuiButtonBase-root-MuiSwitch-switchBase"
                tabindex="-1"
              >
                <input
                  checked=""
                  class="PrivateSwitchBase-input MuiSwitch-input css-1m9pwf3"
                  disabled=""
                  type="checkbox"
                />
                <span
                  class="MuiSwitch-thumb css-epwt2k-MuiSwitch-thumb"
                />
              </span>
              <span
                class="MuiSwitch-track css-1mr4grv-MuiSwitch-track"
              />
            </span>
          </td>
          <td
            class="MuiTableCell-root MuiTableCell-body MuiTableCell-sizeMedium css-1h3ont0-MuiTableCell-root"
          />
        </tr>
      </tbody>
    </table>
  </div>
</div>
`;

exports[`CustomTable match snapshot without selection, without draggable, without sticky headers 1`] = `
<div>
  <div
    class="MuiTableContainer-root css-o5pwnc-MuiTableContainer-root"
  >
    <table
      class="MuiTable-root css-1pty5za-MuiTable-root"
    >
      <thead
        class="MuiTableHead-root css-15wwp11-MuiTableHead-root"
      >
        <tr
          class="MuiTableRow-root MuiTableRow-head css-1u1grnd-MuiTableRow-root"
        >
          <th
            class="MuiTableCell-root MuiTableCell-head MuiTableCell-sizeMedium css-8uqeip-MuiTableCell-root"
            scope="col"
          />
          <th
            class="MuiTableCell-root MuiTableCell-head MuiTableCell-sizeMedium css-1g6gaq7-MuiTableCell-root"
            scope="col"
          >
            Test header switch
          </th>
          <th
            class="MuiTableCell-root MuiTableCell-head MuiTableCell-sizeMedium css-1g6gaq7-MuiTableCell-root"
            scope="col"
          >
            Test header switch
          </th>
        </tr>
      </thead>
      <tbody
        class="MuiTableBody-root css-apqrd9-MuiTableBody-root"
      >
        <tr
          class="MuiTableRow-root css-9mllys-MuiTableRow-root"
        >
          <td
            class="MuiTableCell-root MuiTableCell-body MuiTableCell-sizeMedium css-1sm79u7-MuiTableCell-root"
          />
          <td
            class="MuiTableCell-root MuiTableCell-body MuiTableCell-sizeMedium css-1h3ont0-MuiTableCell-root"
          >
            <span
              class="MuiSwitch-root MuiSwitch-sizeMedium css-tnsvld-MuiSwitch-root"
            >
              <span
                aria-disabled="true"
                class="MuiButtonBase-root MuiSwitch-switchBase MuiSwitch-colorPrimary Mui-disabled Mui-disabled PrivateSwitchBase-root MuiSwitch-switchBase MuiSwitch-colorPrimary Mui-disabled Mui-checked Mui-disabled css-1vk7jze-MuiButtonBase-root-MuiSwitch-switchBase"
                tabindex="-1"
              >
                <input
                  checked=""
                  class="PrivateSwitchBase-input MuiSwitch-input css-1m9pwf3"
                  disabled=""
                  type="checkbox"
                />
                <span
                  class="MuiSwitch-thumb css-epwt2k-MuiSwitch-thumb"
                />
              </span>
              <span
                class="MuiSwitch-track css-1mr4grv-MuiSwitch-track"
              />
            </span>
          </td>
          <td
            class="MuiTableCell-root MuiTableCell-body MuiTableCell-sizeMedium css-1h3ont0-MuiTableCell-root"
          />
        </tr>
      </tbody>
    </table>
  </div>
</div>
`;
