// Jest Snapshot v1, https://goo.gl/fbAQLP

exports[`PopIn match snapshot PopIn simple 1`] = `
<div>
  <div
    style="position: relative;"
  >
    <div
      class="MuiBox-root css-0"
    >
      <button
        class="MuiButtonBase-root MuiButton-root MuiButton-contained MuiButton-containedPrimary MuiButton-sizeLarge MuiButton-containedSizeLarge css-vnxxyn-MuiButtonBase-root-MuiButton-root"
        tabindex="0"
        type="button"
      >
        Click on me !
        <span
          class="MuiTouchRipple-root css-8je8zh-MuiTouchRipple-root"
        />
      </button>
    </div>
  </div>
</div>
`;
