// Jest Snapshot v1, https://goo.gl/fbAQLP

exports[`SearchBar match snapshot SearchBar 1`] = `
<div>
  <div
    class="MuiPaper-root MuiPaper-outlined MuiPaper-rounded css-11hpgp0-MuiPaper-root"
  >
    <div
      class="MuiGrid-root MuiGrid-container css-3az692-MuiGrid-root"
    >
      <div
        class="MuiGrid-root MuiGrid-container MuiGrid-direction-xs-column css-9tc18q-MuiGrid-root"
      >
        <div
          class="MuiGrid-root css-iwdcax-MuiGrid-root"
        >
          searchBar.title
        </div>
        <div
          class="MuiGrid-root css-smiavp-MuiGrid-root"
        >
          searchBarResult
        </div>
      </div>
      <div
        class="MuiFormControl-root css-14yckze-MuiFormControl-root"
      >
        <div
          class="MuiInputBase-root MuiInputBase-colorPrimary MuiInputBase-formControl MuiInputBase-adornedEnd css-16scddn-MuiInputBase-root"
        >
          <input
            aria-invalid="false"
            class="MuiInputBase-input MuiInputBase-inputAdornedEnd css-yz9k0d-MuiInputBase-input"
            id="input-text"
            placeholder="searchBar.placeholder"
            type="text"
            value=""
          />
          <div
            class="MuiInputAdornment-root MuiInputAdornment-positionEnd MuiInputAdornment-standard MuiInputAdornment-sizeMedium css-1laqsz7-MuiInputAdornment-root"
          >
            <ion-icon
              name="search"
            />
          </div>
        </div>
      </div>
    </div>
  </div>
</div>
`;
