// Jest Snapshot v1, https://goo.gl/fbAQLP

exports[`UserMenu match snapshot UserMenu 1`] = `
<div>
  <div
    class="MuiBox-root css-0"
  >
    <div
      class="css-1gbhtbv"
    >
      <ion-icon
        name="person-outline"
        style="font-size: 15px; color: rgb(129, 135, 185);"
      />
      <div
        class="css-1cn3y7o"
      >
        Admin@example.com
      </div>
      <div
        class="css-1tg3i43"
      >
        <ion-icon
          name="chevron-down"
          style="font-size: 15px; color: rgb(129, 135, 185);"
        />
      </div>
    </div>
    <div
      class="MuiBox-root css-79elbk"
    >
      <div
        class="MuiCollapse-root MuiCollapse-vertical MuiCollapse-hidden css-199euq-MuiCollapse-root"
        style="min-height: 0px;"
      >
        <div
          class="MuiCollapse-wrapper MuiCollapse-vertical css-1642zpf-MuiCollapse-wrapper"
        >
          <div
            class="MuiCollapse-wrapperInner MuiCollapse-vertical css-xxknsj-MuiCollapse-wrapperInner"
          >
            <div
              class="css-1vcaigq"
            >
              <div
                class="css-9inyfk"
              >
                <div
                  class="css-3lsmy"
                >
                  Admin@example.com
                </div>
                <div
                  class="css-1772pc6"
                />
                <div
                  class="css-9vgysh"
                >
                  title.logout
                </div>
              </div>
            </div>
          </div>
        </div>
      </div>
    </div>
  </div>
</div>
`;
