// Jest Snapshot v1, https://goo.gl/fbAQLP

exports[`ActiveLocales match snapshot 1`] = `
<div>
  <div
    class="css-18qndi"
  >
    <div
      class="css-1tdvoqh"
    >
      Total
    </div>
    <div
      class="css-1un2rp5"
    >
      <div
        class="css-13ehox3"
      >
        9
      </div>
      <div
        class="css-ry2e12"
      >
        activeLocale
      </div>
    </div>
    <div
      class="css-1sfqhqu"
    >
      <div>
        <div
          class="css-1tq682i"
        >
          TestUn (France)
        </div>
      </div>
      <div>
        <div
          class="css-1tq682i"
        >
          TestUnAA (France)
        </div>
      </div>
      <div>
        <div
          class="css-1tq682i"
        >
          TestAAUn (France)
        </div>
      </div>
      <div>
        <div
          class="css-1tq682i"
        >
          TAAestUn (France)
        </div>
      </div>
      <div>
        <div
          class="css-1tq682i"
        >
          TesAEFtUn (France)
        </div>
      </div>
      <div>
        <div
          class="css-1tq682i"
        >
          TesRDGFCDeux (France)
        </div>
      </div>
      <div>
        <div
          class="css-1tq682i"
        >
          DeutGFDsh (États-Unis)
        </div>
      </div>
      <div>
        <div
          class="css-1tq682i"
        >
          Français (France)
        </div>
      </div>
      <div>
        <div
          class="css-1tq682i"
        >
          Anglais (États-Unis)
        </div>
      </div>
    </div>
  </div>
</div>
`;
