// Jest Snapshot v1, https://goo.gl/fbAQLP

exports[`CloseComponent match snapshot CloseComponent simple 1`] = `
<div>
  <div
    class="MuiBox-root css-1dlmr7u"
  />
</div>
`;
