// Jest Snapshot v1, https://goo.gl/fbAQLP

exports[`Header match snapshot 1`] = `
<div>
  <nav
    class="MuiPaper-root MuiPaper-elevation MuiPaper-elevation4 MuiAppBar-root MuiAppBar-colorPrimary MuiAppBar-positionFixed mui-fixed css-11b3ww9-MuiPaper-root-MuiAppBar-root"
  >
    <div
      class="MuiToolbar-root MuiToolbar-gutters MuiToolbar-regular css-hyum1k-MuiToolbar-root"
    >
      <a
        class="MuiTypography-root MuiTypography-h6 css-1juivf6-MuiTypography-root"
        href="/"
        style="display: flex; align-items: center; gap: 12px;"
      >
        <div>
          <img
            alt="Logo"
            src="logo.svg"
          />
        </div>
        <div>
          Gally - Example App
        </div>
      </a>
      <div
        class="MuiFormControl-root css-11u2dqc-MuiFormControl-root"
      >
        <label
          class="MuiFormLabel-root MuiInputLabel-root MuiInputLabel-formControl MuiInputLabel-animated MuiInputLabel-shrink MuiInputLabel-sizeSmall MuiInputLabel-outlined MuiFormLabel-colorPrimary css-1sumxir-MuiFormLabel-root-MuiInputLabel-root"
          data-shrink="true"
          id=":r0:"
        >
          Catalog
        </label>
        <div
          class="MuiInputBase-root MuiOutlinedInput-root MuiInputBase-colorPrimary MuiInputBase-formControl MuiInputBase-sizeSmall  css-1yk1gt9-MuiInputBase-root-MuiOutlinedInput-root-MuiSelect-root"
          data-testid="header-catalog-select"
          data-testlength="3"
        >
          <div
            aria-expanded="false"
            aria-haspopup="listbox"
            aria-labelledby=":r0: :r1:"
            class="MuiSelect-select MuiSelect-outlined MuiInputBase-input MuiOutlinedInput-input MuiInputBase-inputSizeSmall css-jedpe8-MuiSelect-select-MuiInputBase-input-MuiOutlinedInput-input"
            id=":r1:"
            role="button"
            tabindex="0"
          >
            <span
              class="notranslate"
            >
              â€‹
            </span>
          </div>
          <input
            aria-hidden="true"
            class="MuiSelect-nativeInput css-yf8vq0-MuiSelect-nativeInput"
            tabindex="-1"
            value=""
          />
          <svg
            aria-hidden="true"
            class="MuiSvgIcon-root MuiSvgIcon-fontSizeMedium MuiSelect-icon MuiSelect-iconOutlined css-hfutr2-MuiSvgIcon-root-MuiSelect-icon"
            data-testid="ArrowDropDownIcon"
            focusable="false"
            viewBox="0 0 24 24"
          >
            <path
              d="M7 10l5 5 5-5z"
            />
          </svg>
          <fieldset
            aria-hidden="true"
            class="MuiOutlinedInput-notchedOutline css-1d3z3hw-MuiOutlinedInput-notchedOutline"
          >
            <legend
              class="css-yjsfm1"
            >
              <span>
                Catalog
              </span>
            </legend>
          </fieldset>
        </div>
      </div>
    </div>
  </nav>
</div>
`;
