// Jest Snapshot v1, https://goo.gl/fbAQLP

exports[`NoAttributes match snapshot 1`] = `
<div>
  <div
    class="css-1tomd0t"
  >
    <ion-icon
      src="/images/telescope-outline.svg"
      style="color: rgb(129, 135, 185); width: 40px; height: 40px;"
    />
    <div
      class="css-1y7c3cz"
    >
      No attributes were specified as filterable in the settings
    </div>
    <button
      class="MuiButtonBase-root MuiButton-root MuiButton-contained MuiButton-containedPrimary MuiButton-sizeLarge MuiButton-containedSizeLarge css-vnxxyn-MuiButtonBase-root-MuiButton-root"
      tabindex="0"
      type="button"
    >
      <a
        href="/admin/settings/attributes"
        style="text-decoration: none;"
      >
        Add filtrable attributes
      </a>
      <span
        class="MuiTouchRipple-root css-8je8zh-MuiTouchRipple-root"
      />
    </button>
  </div>
</div>
`;
