// Jest Snapshot v1, https://goo.gl/fbAQLP

exports[`Help match snapshot Help simple 1`] = `
<div>
  <div
    class="MuiBox-root css-0"
  >
    <div
      class="css-l3v3zn"
    >
      <ion-icon
        name="help-circle-outline"
        style="font-size: 18px; color: rgb(129, 135, 185);"
      />
    </div>
    <div
      class="MuiBox-root css-79elbk"
    >
      <div
        class="MuiCollapse-root MuiCollapse-vertical MuiCollapse-hidden css-199euq-MuiCollapse-root"
        style="min-height: 0px;"
      >
        <div
          class="MuiCollapse-wrapper MuiCollapse-vertical css-1642zpf-MuiCollapse-wrapper"
        >
          <div
            class="MuiCollapse-wrapperInner MuiCollapse-vertical css-xxknsj-MuiCollapse-wrapperInner"
          >
            <div
              class="css-c7ciki"
            >
              <div
                class="css-ykyq1f"
              >
                <div
                  class="css-10jr14j"
                >
                  Helpdesk
                </div>
                <div
                  class="css-10jr14j"
                >
                  User guide
                </div>
              </div>
            </div>
          </div>
        </div>
      </div>
    </div>
  </div>
</div>
`;
