// Jest Snapshot v1, https://goo.gl/fbAQLP

exports[`TopProductTable Should match snapschot 1`] = `
<div>
  <div
    class="css-uj88lt"
  >
    <div
      class="MuiBox-root css-1ndjkvn"
    >
      <ion-icon
        name="trending-up-outline"
      />
      <div
        class="MuiBox-root css-x43z6g"
      >
        searchResults.topProducts
      </div>
    </div>
    <div
      class="MuiTableContainer-root css-1i0gtxd-MuiTableContainer-root"
    >
      <table
        class="MuiTable-root css-1pty5za-MuiTable-root"
      >
        <thead
          class="MuiTableHead-root css-15wwp11-MuiTableHead-root"
        >
          <tr
            class="MuiTableRow-root MuiTableRow-head css-1u1grnd-MuiTableRow-root"
          >
            <th
              class="MuiTableCell-root MuiTableCell-head MuiTableCell-sizeMedium css-8uqeip-MuiTableCell-root"
              scope="col"
            />
            <th
              class="MuiTableCell-root MuiTableCell-head MuiTableCell-sizeMedium css-1in94r8-MuiTableCell-root"
              scope="col"
            >
              Code
            </th>
            <th
              class="MuiTableCell-root MuiTableCell-head MuiTableCell-sizeMedium css-1g6gaq7-MuiTableCell-root"
              scope="col"
            >
              Image
            </th>
            <th
              class="MuiTableCell-root MuiTableCell-head MuiTableCell-sizeMedium css-1in94r8-MuiTableCell-root"
              scope="col"
            >
              Name
            </th>
            <th
              class="MuiTableCell-root MuiTableCell-head MuiTableCell-sizeMedium css-ybhna4-MuiTableCell-root"
              scope="col"
            >
              Score
            </th>
            <th
              class="MuiTableCell-root MuiTableCell-head MuiTableCell-sizeMedium css-1imodrk-MuiTableCell-root"
              scope="col"
            >
              In stock
            </th>
            <th
              class="MuiTableCell-root MuiTableCell-head MuiTableCell-sizeMedium css-ybhna4-MuiTableCell-root"
              scope="col"
            >
              Price
            </th>
            <th
              class="MuiTableCell-root MuiTableCell-head MuiTableCell-sizeMedium css-1g6gaq7-MuiTableCell-root"
              scope="col"
            >
              Visible
            </th>
          </tr>
        </thead>
        <tbody
          class="MuiTableBody-root css-apqrd9-MuiTableBody-root"
          data-rbd-droppable-context-id="0"
          data-rbd-droppable-id="droppableTable"
        >
          <tr
            class="MuiTableRow-root css-9mllys-MuiTableRow-root"
            data-rbd-draggable-context-id="0"
            data-rbd-draggable-id="1"
          >
            <td
              aria-describedby="rbd-hidden-text-0-hidden-text-0"
              class="MuiTableCell-root MuiTableCell-body MuiTableCell-sizeMedium css-1sm79u7-MuiTableCell-root"
              data-rbd-drag-handle-context-id="0"
              data-rbd-drag-handle-draggable-id="1"
              draggable="false"
              role="button"
              tabindex="0"
            >
              <div
                class="MuiBox-root css-siks6p"
              >
                <ion-icon
                  name="reorder-two-outline"
                />
              </div>
            </td>
            <td
              class="MuiTableCell-root MuiTableCell-body MuiTableCell-sizeMedium css-1h3ont0-MuiTableCell-root"
            >
              <div
                class="css-12hsf1n"
              >
                VA03
              </div>
            </td>
            <td
              class="MuiTableCell-root MuiTableCell-body MuiTableCell-sizeMedium css-1h3ont0-MuiTableCell-root"
            >
              <img
                alt="field.productImage"
                class="css-1qpslqa"
                src="static/media/assets/img/scarf_elastic.png"
              />
            </td>
            <td
              class="MuiTableCell-root MuiTableCell-body MuiTableCell-sizeMedium css-1h3ont0-MuiTableCell-root"
            >
              <div
                class="css-12hsf1n"
              >
                Product name
              </div>
            </td>
            <td
              class="MuiTableCell-root MuiTableCell-body MuiTableCell-sizeMedium css-1h3ont0-MuiTableCell-root"
            >
              <div
                class="MuiBox-root css-0"
              >
                <div
                  class="MuiBox-root css-1sm7xfn"
                >
                  100.11
                </div>
              </div>
            </td>
            <td
              class="MuiTableCell-root MuiTableCell-body MuiTableCell-sizeMedium css-1h3ont0-MuiTableCell-root"
            >
              <div
                class="MuiChip-root MuiChip-filled MuiChip-sizeMedium MuiChip-colorSuccess MuiChip-filledSuccess css-s7mah8-MuiChip-root"
              >
                <span
                  class="MuiChip-label MuiChip-labelMedium css-6od3lo-MuiChip-label"
                >
                  stock.inStock
                </span>
              </div>
            </td>
            <td
              class="MuiTableCell-root MuiTableCell-body MuiTableCell-sizeMedium css-1h3ont0-MuiTableCell-root"
            >
              <div
                class="MuiBox-root css-1u92jb9"
              >
                 
                10,00 €
              </div>
            </td>
            <td
              class="MuiTableCell-root MuiTableCell-body MuiTableCell-sizeMedium css-1h3ont0-MuiTableCell-root"
            >
              <span
                class="MuiSwitch-root MuiSwitch-sizeMedium css-tnsvld-MuiSwitch-root"
              >
                <span
                  aria-disabled="true"
                  class="MuiButtonBase-root MuiSwitch-switchBase MuiSwitch-colorPrimary Mui-disabled Mui-disabled PrivateSwitchBase-root MuiSwitch-switchBase MuiSwitch-colorPrimary Mui-disabled Mui-checked Mui-disabled css-1vk7jze-MuiButtonBase-root-MuiSwitch-switchBase"
                  tabindex="-1"
                >
                  <input
                    checked=""
                    class="PrivateSwitchBase-input MuiSwitch-input css-1m9pwf3"
                    disabled=""
                    type="checkbox"
                  />
                  <span
                    class="MuiSwitch-thumb css-epwt2k-MuiSwitch-thumb"
                  />
                </span>
                <span
                  class="MuiSwitch-track css-1mr4grv-MuiSwitch-track"
                />
              </span>
            </td>
          </tr>
          <tr
            class="MuiTableRow-root css-9mllys-MuiTableRow-root"
            data-rbd-draggable-context-id="0"
            data-rbd-draggable-id="2"
          >
            <td
              aria-describedby="rbd-hidden-text-0-hidden-text-0"
              class="MuiTableCell-root MuiTableCell-body MuiTableCell-sizeMedium css-1sm79u7-MuiTableCell-root"
              data-rbd-drag-handle-context-id="0"
              data-rbd-drag-handle-draggable-id="2"
              draggable="false"
              role="button"
              tabindex="0"
            >
              <div
                class="MuiBox-root css-siks6p"
              >
                <ion-icon
                  name="reorder-two-outline"
                />
              </div>
            </td>
            <td
              class="MuiTableCell-root MuiTableCell-body MuiTableCell-sizeMedium css-1h3ont0-MuiTableCell-root"
            >
              <div
                class="css-12hsf1n"
              >
                VA03
              </div>
            </td>
            <td
              class="MuiTableCell-root MuiTableCell-body MuiTableCell-sizeMedium css-1h3ont0-MuiTableCell-root"
            >
              <img
                alt="field.productImage"
                class="css-1qpslqa"
                src="static/media/assets/img/scarf_elastic.png"
              />
            </td>
            <td
              class="MuiTableCell-root MuiTableCell-body MuiTableCell-sizeMedium css-1h3ont0-MuiTableCell-root"
            >
              <div
                class="css-12hsf1n"
              >
                Product name
              </div>
            </td>
            <td
              class="MuiTableCell-root MuiTableCell-body MuiTableCell-sizeMedium css-1h3ont0-MuiTableCell-root"
            >
              <div
                class="MuiBox-root css-0"
              >
                <div
                  class="MuiBox-root css-1sm7xfn"
                >
                  100.11
                </div>
              </div>
            </td>
            <td
              class="MuiTableCell-root MuiTableCell-body MuiTableCell-sizeMedium css-1h3ont0-MuiTableCell-root"
            >
              <div
                class="MuiChip-root MuiChip-filled MuiChip-sizeMedium MuiChip-colorError MuiChip-filledError css-1ywqr3b-MuiChip-root"
              >
                <span
                  class="MuiChip-label MuiChip-labelMedium css-6od3lo-MuiChip-label"
                >
                  stock.outOfStock
                </span>
              </div>
            </td>
            <td
              class="MuiTableCell-root MuiTableCell-body MuiTableCell-sizeMedium css-1h3ont0-MuiTableCell-root"
            >
              <div
                class="MuiBox-root css-1u92jb9"
              >
                 
                10,00 €
              </div>
            </td>
            <td
              class="MuiTableCell-root MuiTableCell-body MuiTableCell-sizeMedium css-1h3ont0-MuiTableCell-root"
            >
              <span
                class="MuiSwitch-root MuiSwitch-sizeMedium css-tnsvld-MuiSwitch-root"
              >
                <span
                  aria-disabled="true"
                  class="MuiButtonBase-root MuiSwitch-switchBase MuiSwitch-colorPrimary Mui-disabled Mui-disabled PrivateSwitchBase-root MuiSwitch-switchBase MuiSwitch-colorPrimary Mui-disabled Mui-checked Mui-disabled css-1vk7jze-MuiButtonBase-root-MuiSwitch-switchBase"
                  tabindex="-1"
                >
                  <input
                    checked=""
                    class="PrivateSwitchBase-input MuiSwitch-input css-1m9pwf3"
                    disabled=""
                    type="checkbox"
                  />
                  <span
                    class="MuiSwitch-thumb css-epwt2k-MuiSwitch-thumb"
                  />
                </span>
                <span
                  class="MuiSwitch-track css-1mr4grv-MuiSwitch-track"
                />
              </span>
            </td>
          </tr>
        </tbody>
      </table>
    </div>
  </div>
</div>
`;
