// Jest Snapshot v1, https://goo.gl/fbAQLP

exports[`MenuItemIcon match snapshot with boldStyle and child (Analyze) 1`] = `
<div>
  <div
    class="css-lalpws"
  >
    <ion-icon
      name="analytics"
      style="width: 18px; height: 18px;"
    />
    
    <span
      class="css-1skr4lk"
    >
      Analyze
    </span>
  </div>
</div>
`;
